// Jest Snapshot v1, https://goo.gl/fbAQLP

exports[`Small movie card correctly render 1`] = `
<article
  className="small-movie-card catalog__movies-card"
  onClick={[Function]}
  onMouseOut={[Function]}
  onMouseOver={[Function]}
>
  <div
    className="small-movie-card__image"
  >
    <video
      height="175"
      poster=""
      src=""
      width="280"
    />
  </div>
  <h3
    className="small-movie-card__title"
    onClick={[Function]}
  >
    <a
      className="small-movie-card__link"
      href="/films/0"
      onClick={[Function]}
    >
      Movie title
    </a>
  </h3>
</article>
`;
